[0.014s] Invoking command in '/home/student/ros2_ws/src/robo1/lab1/build/lab1': /usr/bin/cmake --build /home/student/ros2_ws/src/robo1/lab1/build/lab1 -- -j8 -l8
[0.042s] -- Found ament_cmake: 1.3.9 (/opt/ros/humble/share/ament_cmake/cmake)
[0.178s] -- Found rclcpp: 16.0.9 (/opt/ros/humble/share/rclcpp/cmake)
[0.208s] -- Found rosidl_generator_c: 3.1.5 (/opt/ros/humble/share/rosidl_generator_c/cmake)
[0.211s] -- Found rosidl_adapter: 3.1.5 (/opt/ros/humble/share/rosidl_adapter/cmake)
[0.217s] -- Found rosidl_generator_cpp: 3.1.5 (/opt/ros/humble/share/rosidl_generator_cpp/cmake)
[0.229s] -- Using all available rosidl_typesupport_c: rosidl_typesupport_fastrtps_c;rosidl_typesupport_introspection_c
[0.245s] -- Using all available rosidl_typesupport_cpp: rosidl_typesupport_fastrtps_cpp;rosidl_typesupport_introspection_cpp
[0.306s] -- Found rmw_implementation_cmake: 6.1.2 (/opt/ros/humble/share/rmw_implementation_cmake/cmake)
[0.308s] -- Found rmw_fastrtps_cpp: 6.2.6 (/opt/ros/humble/share/rmw_fastrtps_cpp/cmake)
[0.441s] -- Using RMW implementation 'rmw_fastrtps_cpp' as default
[0.605s] -- Found sensor_msgs: 4.2.4 (/opt/ros/humble/share/sensor_msgs/cmake)
[0.738s] -- Found cv_bridge: 3.2.1 (/opt/ros/humble/share/cv_bridge/cmake)
[0.817s] Error parsing '/home/student/ros2_ws/src/robo1/lab1/package.xml':
[0.865s] Traceback (most recent call last):
[0.865s]   File "/usr/lib/python3/dist-packages/catkin_pkg/package.py", line 610, in parse_package_string
[0.865s]     root = dom.parseString(data)
[0.865s]   File "/usr/lib/python3.10/xml/dom/minidom.py", line 2000, in parseString
[0.866s]     return expatbuilder.parseString(string)
[0.866s]   File "/usr/lib/python3.10/xml/dom/expatbuilder.py", line 925, in parseString
[0.866s]     return builder.parseString(string)
[0.866s]   File "/usr/lib/python3.10/xml/dom/expatbuilder.py", line 223, in parseString
[0.866s]     parser.Parse(string, True)
[0.866s] xml.parsers.expat.ExpatError: XML or text declaration not at start of entity: line 20, column 0
[0.866s] 
[0.866s] During handling of the above exception, another exception occurred:
[0.866s] 
[0.866s] Traceback (most recent call last):
[0.866s]   File "/opt/ros/humble/share/ament_cmake_core/cmake/core/package_xml_2_cmake.py", line 150, in <module>
[0.866s]     main()
[0.867s]   File "/opt/ros/humble/share/ament_cmake_core/cmake/core/package_xml_2_cmake.py", line 53, in main
[0.867s]     raise e
[0.867s]   File "/opt/ros/humble/share/ament_cmake_core/cmake/core/package_xml_2_cmake.py", line 49, in main
[0.867s]     package = parse_package_string(
[0.867s]   File "/usr/lib/python3/dist-packages/catkin_pkg/package.py", line 612, in parse_package_string
[0.867s]     raise InvalidPackage('The manifest contains invalid XML:\n%s' % ex, filename)
[0.867s] catkin_pkg.package.InvalidPackage: Error(s) in package '/home/student/ros2_ws/src/robo1/lab1/package.xml':
[0.867s] The manifest contains invalid XML:
[0.867s] XML or text declaration not at start of entity: line 20, column 0
[0.881s] [31mCMake Error at /opt/ros/humble/share/ament_cmake_core/cmake/core/ament_package_xml.cmake:95 (message):
[0.882s]   execute_process(/usr/bin/python3
[0.882s]   /opt/ros/humble/share/ament_cmake_core/cmake/core/package_xml_2_cmake.py
[0.882s]   /home/student/ros2_ws/src/robo1/lab1/package.xml
[0.882s]   /home/student/ros2_ws/src/robo1/lab1/build/lab1/ament_cmake_core/package.cmake)
[0.882s]   returned error code 1
[0.882s] Call Stack (most recent call first):
[0.882s]   /opt/ros/humble/share/ament_cmake_core/cmake/core/ament_package_xml.cmake:49 (_ament_package_xml)
[0.882s]   /opt/ros/humble/share/ament_cmake_core/cmake/core/ament_package.cmake:63 (ament_package_xml)
[0.882s]   CMakeLists.txt:58 (ament_package)
[0.882s] 
[0.882s] [0m
[0.882s] -- Configuring incomplete, errors occurred!
[0.882s] See also "/home/student/ros2_ws/src/robo1/lab1/build/lab1/CMakeFiles/CMakeOutput.log".
[0.892s] gmake: *** [Makefile:226: cmake_check_build_system] Error 1
[0.894s] Invoked command in '/home/student/ros2_ws/src/robo1/lab1/build/lab1' returned '2': /usr/bin/cmake --build /home/student/ros2_ws/src/robo1/lab1/build/lab1 -- -j8 -l8
