[0.014s] Invoking command in '/home/student/ros2_ws/src/robo1/lab1/build/lab1': /usr/bin/cmake --build /home/student/ros2_ws/src/robo1/lab1/build/lab1 -- -j8 -l8
[0.042s] -- Found ament_cmake: 1.3.9 (/opt/ros/humble/share/ament_cmake/cmake)
[0.178s] -- Found rclcpp: 16.0.9 (/opt/ros/humble/share/rclcpp/cmake)
[0.237s] -- Found rosidl_generator_c: 3.1.5 (/opt/ros/humble/share/rosidl_generator_c/cmake)
[0.245s] -- Found rosidl_adapter: 3.1.5 (/opt/ros/humble/share/rosidl_adapter/cmake)
[0.256s] -- Found rosidl_generator_cpp: 3.1.5 (/opt/ros/humble/share/rosidl_generator_cpp/cmake)
[0.273s] -- Using all available rosidl_typesupport_c: rosidl_typesupport_fastrtps_c;rosidl_typesupport_introspection_c
[0.298s] -- Using all available rosidl_typesupport_cpp: rosidl_typesupport_fastrtps_cpp;rosidl_typesupport_introspection_cpp
[0.385s] -- Found rmw_implementation_cmake: 6.1.2 (/opt/ros/humble/share/rmw_implementation_cmake/cmake)
[0.389s] -- Found rmw_fastrtps_cpp: 6.2.6 (/opt/ros/humble/share/rmw_fastrtps_cpp/cmake)
[0.504s] -- Found OpenSSL: /usr/lib/x86_64-linux-gnu/libcrypto.so (found version "3.0.2")  
[0.536s] -- Found FastRTPS: /opt/ros/humble/include  
[0.587s] -- Using RMW implementation 'rmw_fastrtps_cpp' as default
[0.600s] -- Looking for pthread.h
[0.687s] -- Looking for pthread.h - found
[0.687s] -- Performing Test CMAKE_HAVE_LIBC_PTHREAD
[0.775s] -- Performing Test CMAKE_HAVE_LIBC_PTHREAD - Success
[0.776s] -- Found Threads: TRUE  
[0.950s] -- Found sensor_msgs: 4.2.4 (/opt/ros/humble/share/sensor_msgs/cmake)
[1.088s] -- Found cv_bridge: 3.2.1 (/opt/ros/humble/share/cv_bridge/cmake)
[1.109s] -- Found OpenCV: /usr (found version "4.5.4") 
[1.172s] Error parsing '/home/student/ros2_ws/src/robo1/lab1/package.xml':
[1.219s] Traceback (most recent call last):
[1.220s]   File "/usr/lib/python3/dist-packages/catkin_pkg/package.py", line 610, in parse_package_string
[1.220s]     root = dom.parseString(data)
[1.220s]   File "/usr/lib/python3.10/xml/dom/minidom.py", line 2000, in parseString
[1.220s]     return expatbuilder.parseString(string)
[1.220s]   File "/usr/lib/python3.10/xml/dom/expatbuilder.py", line 925, in parseString
[1.220s]     return builder.parseString(string)
[1.220s]   File "/usr/lib/python3.10/xml/dom/expatbuilder.py", line 223, in parseString
[1.220s]     parser.Parse(string, True)
[1.220s] xml.parsers.expat.ExpatError: XML or text declaration not at start of entity: line 20, column 0
[1.220s] 
[1.221s] During handling of the above exception, another exception occurred:
[1.221s] 
[1.221s] Traceback (most recent call last):
[1.221s]   File "/opt/ros/humble/share/ament_cmake_core/cmake/core/package_xml_2_cmake.py", line 150, in <module>
[1.221s]     main()
[1.221s]   File "/opt/ros/humble/share/ament_cmake_core/cmake/core/package_xml_2_cmake.py", line 53, in main
[1.221s]     raise e
[1.221s]   File "/opt/ros/humble/share/ament_cmake_core/cmake/core/package_xml_2_cmake.py", line 49, in main
[1.221s]     package = parse_package_string(
[1.221s]   File "/usr/lib/python3/dist-packages/catkin_pkg/package.py", line 612, in parse_package_string
[1.221s]     raise InvalidPackage('The manifest contains invalid XML:\n%s' % ex, filename)
[1.221s] catkin_pkg.package.InvalidPackage: Error(s) in package '/home/student/ros2_ws/src/robo1/lab1/package.xml':
[1.221s] The manifest contains invalid XML:
[1.222s] XML or text declaration not at start of entity: line 20, column 0
[1.237s] [31mCMake Error at /opt/ros/humble/share/ament_cmake_core/cmake/core/ament_package_xml.cmake:95 (message):
[1.237s]   execute_process(/usr/bin/python3
[1.237s]   /opt/ros/humble/share/ament_cmake_core/cmake/core/package_xml_2_cmake.py
[1.237s]   /home/student/ros2_ws/src/robo1/lab1/package.xml
[1.237s]   /home/student/ros2_ws/src/robo1/lab1/build/lab1/ament_cmake_core/package.cmake)
[1.237s]   returned error code 1
[1.237s] Call Stack (most recent call first):
[1.237s]   /opt/ros/humble/share/ament_cmake_core/cmake/core/ament_package_xml.cmake:49 (_ament_package_xml)
[1.237s]   /opt/ros/humble/share/ament_cmake_core/cmake/core/ament_package.cmake:63 (ament_package_xml)
[1.237s]   CMakeLists.txt:58 (ament_package)
[1.237s] 
[1.237s] [0m
[1.237s] -- Configuring incomplete, errors occurred!
[1.238s] See also "/home/student/ros2_ws/src/robo1/lab1/build/lab1/CMakeFiles/CMakeOutput.log".
[1.248s] gmake: *** [Makefile:226: cmake_check_build_system] Error 1
[1.250s] Invoked command in '/home/student/ros2_ws/src/robo1/lab1/build/lab1' returned '2': /usr/bin/cmake --build /home/student/ros2_ws/src/robo1/lab1/build/lab1 -- -j8 -l8
